ID       [line 001]  str
SYMBOL   [line 001]  =
STRLIT   [line 001]  "erw\t\n"
