SYMBOL   [line 001]  (
SYMBOL   [line 001]  {
SYMBOL   [line 001]  [
SYMBOL   [line 001]  ]
SYMBOL   [line 001]  }
SYMBOL   [line 001]  )
SYMBOL   [line 001]  ,
SYMBOL   [line 001]  ;
SYMBOL   [line 001]  =
SYMBOL   [line 001]  +
SYMBOL   [line 001]  -
SYMBOL   [line 001]  *
SYMBOL   [line 001]  /
SYMBOL   [line 001]  %
SYMBOL   [line 001]  <
SYMBOL   [line 001]  >
SYMBOL   [line 001]  <=
SYMBOL   [line 001]  >=
SYMBOL   [line 001]  ==
SYMBOL   [line 001]  !=
SYMBOL   [line 001]  &&
SYMBOL   [line 001]  ||
SYMBOL   [line 001]  !
