SYM   [line 001]  !
SYM   [line 002]  ?
SYM   [line 003]  -
SYM   [line 004]  ,