STRLIT   [line 001]  "kasdj293x"
STRLIT   [line 002]  ""
STRLIT   [line 003]  "{+_}"