Program [line 1]
  FuncDecl name="main" return_type=int parameters={} [line 1]
    Block [line 2]
      VarDecl name="a" type=int is_array=no array_length=1 [line 3]
      Assignment [line 4]
        Location name="a" [line 4]
        Binaryop op="+" [line 4]
          Literal type=int value=4 [line 4]
          Literal type=int value=5 [line 4]
      Return [line 5]
        Location name="a" [line 5]
